SwooleTW\Hyperf\Tests\Bus\BusBatchTest{"--seed":false,"--database":"sqlite","--realpath":true,"--path":"\/Users\/Albert\/Projects\/laravel-hyperf\/framework\/tests\/Bus\/migrations"}
SwooleTW\Hyperf\Tests\Bus\BusBatchTest{"--seed":false,"--database":"sqlite","--realpath":true,"--path":"\/Users\/Albert\/Projects\/laravel-hyperf\/framework\/tests\/Bus\/migrations"}
SwooleTW\Hyperf\Tests\Bus\BusBatchTest{"--seed":false,"--database":"sqlite","--realpath":true,"--path":"\/Users\/Albert\/Projects\/laravel-hyperf\/framework\/tests\/Bus\/migrations"}
SwooleTW\Hyperf\Tests\Bus\BusBatchTest{"--seed":false,"--database":"sqlite","--realpath":true,"--path":"\/Users\/Albert\/Projects\/laravel-hyperf\/framework\/tests\/Bus\/migrations"}
SwooleTW\Hyperf\Tests\Bus\BusBatchTest{"--seed":false,"--database":"sqlite","--realpath":true,"--path":"\/Users\/Albert\/Projects\/laravel-hyperf\/framework\/tests\/Bus\/migrations"}
SwooleTW\Hyperf\Tests\Bus\BusBatchTest{"--seed":false,"--database":"sqlite","--realpath":true,"--path":"\/Users\/Albert\/Projects\/laravel-hyperf\/framework\/tests\/Bus\/migrations"}
SwooleTW\Hyperf\Tests\Bus\BusBatchTest{"--seed":false,"--database":"sqlite","--realpath":true,"--path":"\/Users\/Albert\/Projects\/laravel-hyperf\/framework\/tests\/Bus\/migrations"}
SwooleTW\Hyperf\Tests\Bus\BusBatchTest{"--seed":false,"--database":"sqlite","--realpath":true,"--path":"\/Users\/Albert\/Projects\/laravel-hyperf\/framework\/tests\/Bus\/migrations"}
SwooleTW\Hyperf\Tests\Bus\BusBatchTest{"--seed":false,"--database":"sqlite","--realpath":true,"--path":"\/Users\/Albert\/Projects\/laravel-hyperf\/framework\/tests\/Bus\/migrations"}
SwooleTW\Hyperf\Tests\Bus\BusBatchTest{"--seed":false,"--database":"sqlite","--realpath":true,"--path":"\/Users\/Albert\/Projects\/laravel-hyperf\/framework\/tests\/Bus\/migrations"}
SwooleTW\Hyperf\Tests\Bus\BusBatchTest{"--seed":false,"--database":"sqlite","--realpath":true,"--path":"\/Users\/Albert\/Projects\/laravel-hyperf\/framework\/tests\/Bus\/migrations"}
SwooleTW\Hyperf\Tests\Bus\BusBatchTest{"--seed":false,"--database":"sqlite","--realpath":true,"--path":"\/Users\/Albert\/Projects\/laravel-hyperf\/framework\/tests\/Bus\/migrations"}
SwooleTW\Hyperf\Tests\Bus\BusBatchTest{"--seed":false,"--database":"sqlite","--realpath":true,"--path":"\/Users\/Albert\/Projects\/laravel-hyperf\/framework\/tests\/Bus\/migrations"}
SwooleTW\Hyperf\Tests\Bus\BusBatchTest{"--seed":false,"--database":"sqlite","--realpath":true,"--path":"\/Users\/Albert\/Projects\/laravel-hyperf\/framework\/tests\/Bus\/migrations"}
SwooleTW\Hyperf\Tests\Foundation\Testing\Concerns\InteractsWithDatabaseTest{"--drop-views":false,"--database":"sqlite","--seed":false}
SwooleTW\Hyperf\Tests\Foundation\Testing\Concerns\InteractsWithDatabaseTest{"--drop-views":false,"--database":"sqlite","--seed":false}
SwooleTW\Hyperf\Tests\Foundation\Testing\Concerns\InteractsWithDatabaseTest{"--drop-views":false,"--database":"sqlite","--seed":false}
SwooleTW\Hyperf\Tests\Foundation\Testing\Concerns\InteractsWithDatabaseTest{"--drop-views":false,"--database":"sqlite","--seed":false}
SwooleTW\Hyperf\Tests\Foundation\Testing\Concerns\InteractsWithDatabaseTest{"--drop-views":false,"--database":"sqlite","--seed":false}
SwooleTW\Hyperf\Tests\Foundation\Testing\Concerns\InteractsWithDatabaseTest{"--drop-views":false,"--database":"sqlite","--seed":false}
SwooleTW\Hyperf\Tests\Foundation\Testing\RefreshDatabaseTest{"--drop-views":false,"--database":"sqlite","--seed":false}
SwooleTW\Hyperf\Tests\Foundation\Testing\RefreshDatabaseTest{"--drop-views":false,"--database":"sqlite","--seed":false}
SwooleTW\Hyperf\Tests\Foundation\Testing\RefreshDatabaseTest{"--drop-views":false,"--database":"sqlite","--seed":false}
SwooleTW\Hyperf\Tests\Foundation\Testing\RefreshDatabaseTest{"--drop-views":false,"--database":"sqlite","--seed":false}
SwooleTW\Hyperf\Tests\Queue\DatabaseFailedJobProviderTest{"--seed":false,"--database":"sqlite","--realpath":true,"--path":"\/Users\/Albert\/Projects\/laravel-hyperf\/framework\/tests\/Queue\/migrations"}
SwooleTW\Hyperf\Tests\Queue\DatabaseFailedJobProviderTest{"--seed":false,"--database":"sqlite","--realpath":true,"--path":"\/Users\/Albert\/Projects\/laravel-hyperf\/framework\/tests\/Queue\/migrations"}
SwooleTW\Hyperf\Tests\Queue\DatabaseFailedJobProviderTest{"--seed":false,"--database":"sqlite","--realpath":true,"--path":"\/Users\/Albert\/Projects\/laravel-hyperf\/framework\/tests\/Queue\/migrations"}
SwooleTW\Hyperf\Tests\Queue\DatabaseFailedJobProviderTest{"--seed":false,"--database":"sqlite","--realpath":true,"--path":"\/Users\/Albert\/Projects\/laravel-hyperf\/framework\/tests\/Queue\/migrations"}
SwooleTW\Hyperf\Tests\Queue\DatabaseFailedJobProviderTest{"--seed":false,"--database":"sqlite","--realpath":true,"--path":"\/Users\/Albert\/Projects\/laravel-hyperf\/framework\/tests\/Queue\/migrations"}
SwooleTW\Hyperf\Tests\Queue\DatabaseFailedJobProviderTest{"--seed":false,"--database":"sqlite","--realpath":true,"--path":"\/Users\/Albert\/Projects\/laravel-hyperf\/framework\/tests\/Queue\/migrations"}
SwooleTW\Hyperf\Tests\Queue\DatabaseFailedJobProviderTest{"--seed":false,"--database":"sqlite","--realpath":true,"--path":"\/Users\/Albert\/Projects\/laravel-hyperf\/framework\/tests\/Queue\/migrations"}
SwooleTW\Hyperf\Tests\Queue\DatabaseFailedJobProviderTest{"--seed":false,"--database":"sqlite","--realpath":true,"--path":"\/Users\/Albert\/Projects\/laravel-hyperf\/framework\/tests\/Queue\/migrations"}
SwooleTW\Hyperf\Tests\Queue\DatabaseFailedJobProviderTest{"--seed":false,"--database":"sqlite","--realpath":true,"--path":"\/Users\/Albert\/Projects\/laravel-hyperf\/framework\/tests\/Queue\/migrations"}
SwooleTW\Hyperf\Tests\Queue\DatabaseFailedJobProviderTest{"--seed":false,"--database":"sqlite","--realpath":true,"--path":"\/Users\/Albert\/Projects\/laravel-hyperf\/framework\/tests\/Queue\/migrations"}
SwooleTW\Hyperf\Tests\Queue\DatabaseFailedJobProviderTest{"--seed":false,"--database":"sqlite","--realpath":true,"--path":"\/Users\/Albert\/Projects\/laravel-hyperf\/framework\/tests\/Queue\/migrations"}
SwooleTW\Hyperf\Tests\Queue\DatabaseUuidFailedJobProviderTest{"--seed":false,"--database":"sqlite","--realpath":true,"--path":"\/Users\/Albert\/Projects\/laravel-hyperf\/framework\/tests\/Queue\/migrations"}
SwooleTW\Hyperf\Tests\Queue\DatabaseUuidFailedJobProviderTest{"--seed":false,"--database":"sqlite","--realpath":true,"--path":"\/Users\/Albert\/Projects\/laravel-hyperf\/framework\/tests\/Queue\/migrations"}
SwooleTW\Hyperf\Tests\Queue\DatabaseUuidFailedJobProviderTest{"--seed":false,"--database":"sqlite","--realpath":true,"--path":"\/Users\/Albert\/Projects\/laravel-hyperf\/framework\/tests\/Queue\/migrations"}
SwooleTW\Hyperf\Tests\Queue\DatabaseUuidFailedJobProviderTest{"--seed":false,"--database":"sqlite","--realpath":true,"--path":"\/Users\/Albert\/Projects\/laravel-hyperf\/framework\/tests\/Queue\/migrations"}
SwooleTW\Hyperf\Tests\Queue\DatabaseUuidFailedJobProviderTest{"--seed":false,"--database":"sqlite","--realpath":true,"--path":"\/Users\/Albert\/Projects\/laravel-hyperf\/framework\/tests\/Queue\/migrations"}
SwooleTW\Hyperf\Tests\Queue\DatabaseUuidFailedJobProviderTest{"--seed":false,"--database":"sqlite","--realpath":true,"--path":"\/Users\/Albert\/Projects\/laravel-hyperf\/framework\/tests\/Queue\/migrations"}
SwooleTW\Hyperf\Tests\Queue\DatabaseUuidFailedJobProviderTest{"--seed":false,"--database":"sqlite","--realpath":true,"--path":"\/Users\/Albert\/Projects\/laravel-hyperf\/framework\/tests\/Queue\/migrations"}
SwooleTW\Hyperf\Tests\Queue\DatabaseUuidFailedJobProviderTest{"--seed":false,"--database":"sqlite","--realpath":true,"--path":"\/Users\/Albert\/Projects\/laravel-hyperf\/framework\/tests\/Queue\/migrations"}
SwooleTW\Hyperf\Tests\Queue\DatabaseUuidFailedJobProviderTest{"--seed":false,"--database":"sqlite","--realpath":true,"--path":"\/Users\/Albert\/Projects\/laravel-hyperf\/framework\/tests\/Queue\/migrations"}
SwooleTW\Hyperf\Tests\Queue\DatabaseUuidFailedJobProviderTest{"--seed":false,"--database":"sqlite","--realpath":true,"--path":"\/Users\/Albert\/Projects\/laravel-hyperf\/framework\/tests\/Queue\/migrations"}
SwooleTW\Hyperf\Tests\Queue\QueueDatabaseQueueIntegrationTest{"--seed":false,"--database":"sqlite","--realpath":true,"--path":"\/Users\/Albert\/Projects\/laravel-hyperf\/framework\/tests\/Queue\/migrations"}
SwooleTW\Hyperf\Tests\Queue\QueueDatabaseQueueIntegrationTest{"--seed":false,"--database":"sqlite","--realpath":true,"--path":"\/Users\/Albert\/Projects\/laravel-hyperf\/framework\/tests\/Queue\/migrations"}
SwooleTW\Hyperf\Tests\Queue\QueueDatabaseQueueIntegrationTest{"--seed":false,"--database":"sqlite","--realpath":true,"--path":"\/Users\/Albert\/Projects\/laravel-hyperf\/framework\/tests\/Queue\/migrations"}
SwooleTW\Hyperf\Tests\Queue\QueueDatabaseQueueIntegrationTest{"--seed":false,"--database":"sqlite","--realpath":true,"--path":"\/Users\/Albert\/Projects\/laravel-hyperf\/framework\/tests\/Queue\/migrations"}
SwooleTW\Hyperf\Tests\Queue\QueueDatabaseQueueIntegrationTest{"--seed":false,"--database":"sqlite","--realpath":true,"--path":"\/Users\/Albert\/Projects\/laravel-hyperf\/framework\/tests\/Queue\/migrations"}
SwooleTW\Hyperf\Tests\Queue\QueueDatabaseQueueIntegrationTest{"--seed":false,"--database":"sqlite","--realpath":true,"--path":"\/Users\/Albert\/Projects\/laravel-hyperf\/framework\/tests\/Queue\/migrations"}
SwooleTW\Hyperf\Tests\Queue\QueueDatabaseQueueIntegrationTest{"--seed":false,"--database":"sqlite","--realpath":true,"--path":"\/Users\/Albert\/Projects\/laravel-hyperf\/framework\/tests\/Queue\/migrations"}
